// Jest Snapshot v1, https://goo.gl/fbAQLP

exports[`CurrentWeather Should match the Snapshot 1`] = `ShallowWrapper {}`;
