// Jest Snapshot v1, https://goo.gl/fbAQLP

exports[`Card Should match the snapshot of the DOM 1`] = `ShallowWrapper {}`;
