// Jest Snapshot v1, https://goo.gl/fbAQLP

exports[`FiveDayForecast Should match the Snapshot 1`] = `ShallowWrapper {}`;
