// Jest Snapshot v1, https://goo.gl/fbAQLP

exports[`App Should match the snapshot of the DOM 1`] = `ShallowWrapper {}`;
